// Jest Snapshot v1, https://goo.gl/fbAQLP

exports[`it renders correctly renders correctly 1`] = `
<View
  style={
    Object {
      "alignItems": "center",
      "backgroundColor": "#343536",
      "flex": 1,
      "justifyContent": "center",
      "minHeight": "100vh",
      "minWidth": "100vw",
    }
  }
>
  <Text
    style={
      Object {
        "color": "#D7C4A3",
        "fontFamily": "SFProText, Roboto, Arial, sans-serif",
        "fontSize": 30,
        "fontWeight": "800",
        "marginVertical": 24,
      }
    }
  >
    Hello 👋
  </Text>
  <Text
    style={
      Object {
        "color": "#D7C4A3",
        "fontFamily": "SFProText, Roboto, Arial, sans-serif",
        "fontSize": 18,
        "fontWeight": "600",
        "marginVertical": 6,
      }
    }
  >
    Live Band is coming soon ! 🚀 🎸 🎹 🥁 
  </Text>
</View>
`;
